-------------------------------------------------------
{'status': 'running', 'pid': 0, 'name': 'System Idle Process', 'username': 'NT AUTHORITY\\SYSTEM', 'cpu_percent': 0.0, 'memory_percent': 9.795863990306012e-05}
-------------------------------------------------------
-------------------------------------------------------
{'status': 'running', 'pid': 4, 'name': 'System', 'username': 'NT AUTHORITY\\SYSTEM', 'cpu_percent': 0.0, 'memory_percent': 0.030807992249512414}
-------------------------------------------------------
-------------------------------------------------------
{'status': 'running', 'pid': 8, 'name': 'wininit.exe', 'username': None, 'cpu_percent': 0.0, 'memory_percent': 0.08860358979231789}
-------------------------------------------------------
-------------------------------------------------------
{'status': 'stopped', 'pid': 92, 'name': '', 'username': None, 'cpu_percent': 0.0, 'memory_percent': 0.49331971055181084}
-------------------------------------------------------
-------------------------------------------------------
{'status': 'running', 'pid': 136, 'name': 'Registry', 'username': None, 'cpu_percent': 0.0, 'memory_percent': 0.6656289581412936}
-------------------------------------------------------
-------------------------------------------------------
{'status': 'running', 'pid': 548, 'name': 'svchost.exe', 'username': None, 'cpu_percent': 0.0, 'memory_percent': 0.30528810125788686}
-------------------------------------------------------
-------------------------------------------------------
{'status': 'running', 'pid': 616, 'name': 'smss.exe', 'username': None, 'cpu_percent': 0.0, 'memory_percent': 0.012685643867446287}
-------------------------------------------------------
-------------------------------------------------------
{'status': 'running', 'pid': 948, 'name': 'csrss.exe', 'username': None, 'cpu_percent': 0.0, 'memory_percent': 0.06396699185669825}
-------------------------------------------------------
-------------------------------------------------------
{'status': 'running', 'pid': 1084, 'name': 'services.exe', 'username': None, 'cpu_percent': 0.0, 'memory_percent': 0.11456262936662882}
-------------------------------------------------------
-------------------------------------------------------
{'status': 'running', 'pid': 1100, 'name': 'svchost.exe', 'username': None, 'cpu_percent': 0.0, 'memory_percent': 0.09007296939086379}
-------------------------------------------------------
-------------------------------------------------------
{'status': 'running', 'pid': 1116, 'name': 'LsaIso.exe', 'username': None, 'cpu_percent': 0.0, 'memory_percent': 0.03129778544902771}
-------------------------------------------------------
-------------------------------------------------------
{'status': 'running', 'pid': 1124, 'name': 'lsass.exe', 'username': None, 'cpu_percent': 0.0, 'memory_percent': 0.38213665426183757}
-------------------------------------------------------
-------------------------------------------------------
{'status': 'running', 'pid': 1140, 'name': 'Code.exe', 'username': 'TOOSHARP\\Lenovo', 'cpu_percent': 0.0, 'memory_percent': 1.8978996688018384}
-------------------------------------------------------
-------------------------------------------------------
{'status': 'running', 'pid': 1212, 'name': 'Widgets.exe', 'username': 'TOOSHARP\\Lenovo', 'cpu_percent': 0.0, 'memory_percent': 0.7033920138239232}
-------------------------------------------------------
-------------------------------------------------------
{'status': 'running', 'pid': 1248, 'name': 'svchost.exe', 'username': None, 'cpu_percent': 0.0, 'memory_percent': 0.48117283920383136}
-------------------------------------------------------
-------------------------------------------------------
{'status': 'running', 'pid': 1256, 'name': 'fontdrvhost.exe', 'username': None, 'cpu_percent': 0.0, 'memory_percent': 0.023999866776249733}
-------------------------------------------------------
-------------------------------------------------------
{'status': 'running', 'pid': 1380, 'name': 'svchost.exe', 'username': None, 'cpu_percent': 0.0, 'memory_percent': 0.2572393883854359}
-------------------------------------------------------
-------------------------------------------------------
{'status': 'running', 'pid': 1388, 'name': 'WUDFHost.exe', 'username': None, 'cpu_percent': 0.0, 'memory_percent': 0.24734556575522681}
-------------------------------------------------------
-------------------------------------------------------
{'status': 'running', 'pid': 1464, 'name': 'svchost.exe', 'username': None, 'cpu_percent': 0.0, 'memory_percent': 0.1577134102439268}
-------------------------------------------------------
-------------------------------------------------------
{'status': 'running', 'pid': 1540, 'name': 'svchost.exe', 'username': None, 'cpu_percent': 0.0, 'memory_percent': 0.08321586459764957}
-------------------------------------------------------
-------------------------------------------------------
{'status': 'running', 'pid': 1592, 'name': 'dasHost.exe', 'username': None, 'cpu_percent': 0.0, 'memory_percent': 0.14106044146040658}
-------------------------------------------------------
-------------------------------------------------------
{'status': 'running', 'pid': 1608, 'name': 'svchost.exe', 'username': None, 'cpu_percent': 0.0, 'memory_percent': 0.1492399878923121}
-------------------------------------------------------
-------------------------------------------------------
{'status': 'running', 'pid': 1724, 'name': 'svchost.exe', 'username': None, 'cpu_percent': 0.0, 'memory_percent': 0.4003079819638552}
-------------------------------------------------------
-------------------------------------------------------
{'status': 'running', 'pid': 1736, 'name': 'UserOOBEBroker.exe', 'username': 'TOOSHARP\\Lenovo', 'cpu_percent': 0.0, 'memory_percent': 0.13954208254190914}
-------------------------------------------------------
-------------------------------------------------------
{'status': 'running', 'pid': 1768, 'name': 'svchost.exe', 'username': None, 'cpu_percent': 0.0, 'memory_percent': 0.16089706604077628}
-------------------------------------------------------
-------------------------------------------------------
{'status': 'running', 'pid': 1796, 'name': 'svchost.exe', 'username': None, 'cpu_percent': 0.0, 'memory_percent': 0.09746884670354483}
-------------------------------------------------------
-------------------------------------------------------
{'status': 'running', 'pid': 1812, 'name': 'svchost.exe', 'username': None, 'cpu_percent': 0.0, 'memory_percent': 0.17965614558221227}
-------------------------------------------------------
-------------------------------------------------------
{'status': 'running', 'pid': 1820, 'name': 'svchost.exe', 'username': None, 'cpu_percent': 0.0, 'memory_percent': 0.1303339703910215}
-------------------------------------------------------
-------------------------------------------------------
{'status': 'running', 'pid': 1844, 'name': 'svchost.exe', 'username': None, 'cpu_percent': 0.0, 'memory_percent': 0.1759826965858475}
-------------------------------------------------------
-------------------------------------------------------
{'status': 'running', 'pid': 1856, 'name': 'svchost.exe', 'username': None, 'cpu_percent': 0.0, 'memory_percent': 0.1596236037220365}
-------------------------------------------------------
-------------------------------------------------------
{'status': 'running', 'pid': 1864, 'name': 'svchost.exe', 'username': None, 'cpu_percent': 0.0, 'memory_percent': 0.193860148368156}
-------------------------------------------------------
-------------------------------------------------------
{'status': 'running', 'pid': 1928, 'name': 'Lenovo.Modern.ImController.exe', 'username': None, 'cpu_percent': 0.0, 'memory_percent': 0.361663298522098}
-------------------------------------------------------
-------------------------------------------------------
{'status': 'running', 'pid': 1992, 'name': 'SDXHelper.exe', 'username': 'TOOSHARP\\Lenovo', 'cpu_percent': 0.0, 'memory_percent': 0.40123858904293425}
-------------------------------------------------------
-------------------------------------------------------
{'status': 'running', 'pid': 2012, 'name': 'IntelCpHDCPSvc.exe', 'username': None, 'cpu_percent': 0.0, 'memory_percent': 0.09119949374974899}
-------------------------------------------------------
-------------------------------------------------------
{'status': 'running', 'pid': 2032, 'name': 'svchost.exe', 'username': None, 'cpu_percent': 0.0, 'memory_percent': 0.14257880037890402}
-------------------------------------------------------
-------------------------------------------------------
{'status': 'running', 'pid': 2040, 'name': 'svchost.exe', 'username': None, 'cpu_percent': 0.0, 'memory_percent': 0.12866867351266947}
-------------------------------------------------------
-------------------------------------------------------
{'status': 'running', 'pid': 2056, 'name': 'svchost.exe', 'username': None, 'cpu_percent': 0.0, 'memory_percent': 0.32086352500247345}
-------------------------------------------------------
-------------------------------------------------------
{'status': 'running', 'pid': 2088, 'name': 'svchost.exe', 'username': None, 'cpu_percent': 0.0, 'memory_percent': 0.11039938717074876}
-------------------------------------------------------
-------------------------------------------------------
{'status': 'running', 'pid': 2124, 'name': 'Code.exe', 'username': 'TOOSHARP\\Lenovo', 'cpu_percent': 0.0, 'memory_percent': 6.821839682849107}
-------------------------------------------------------
-------------------------------------------------------
{'status': 'running', 'pid': 2236, 'name': 'svchost.exe', 'username': None, 'cpu_percent': 0.0, 'memory_percent': 0.17759901414424803}
-------------------------------------------------------
-------------------------------------------------------
{'status': 'running', 'pid': 2244, 'name': 'svchost.exe', 'username': None, 'cpu_percent': 0.0, 'memory_percent': 0.2836392418393106}
-------------------------------------------------------
-------------------------------------------------------
{'status': 'running', 'pid': 2348, 'name': 'svchost.exe', 'username': None, 'cpu_percent': 0.0, 'memory_percent': 0.09697905350402952}
-------------------------------------------------------
-------------------------------------------------------
{'status': 'running', 'pid': 2360, 'name': 'pt2500Csm.exe', 'username': 'TOOSHARP\\Lenovo', 'cpu_percent': 0.0, 'memory_percent': 0.18984384413213054}
-------------------------------------------------------
-------------------------------------------------------
{'status': 'running', 'pid': 2460, 'name': 'Code.exe', 'username': 'TOOSHARP\\Lenovo', 'cpu_percent': 0.0, 'memory_percent': 2.0867639265349385}
-------------------------------------------------------
-------------------------------------------------------
{'status': 'running', 'pid': 2596, 'name': 'svchost.exe', 'username': None, 'cpu_percent': 0.0, 'memory_percent': 0.18298673933891632}
-------------------------------------------------------
-------------------------------------------------------
{'status': 'running', 'pid': 2664, 'name': 'svchost.exe', 'username': None, 'cpu_percent': 0.0, 'memory_percent': 0.13234212250903424}
-------------------------------------------------------
-------------------------------------------------------
{'status': 'running', 'pid': 2676, 'name': 'svchost.exe', 'username': None, 'cpu_percent': 0.0, 'memory_percent': 0.14228492445919483}
-------------------------------------------------------
-------------------------------------------------------
{'status': 'running', 'pid': 2684, 'name': 'svchost.exe', 'username': None, 'cpu_percent': 0.0, 'memory_percent': 0.09144439034950663}
-------------------------------------------------------
-------------------------------------------------------
{'status': 'running', 'pid': 2784, 'name': 'svchost.exe', 'username': None, 'cpu_percent': 0.0, 'memory_percent': 0.15781136888382985}
-------------------------------------------------------
-------------------------------------------------------
{'status': 'running', 'pid': 2820, 'name': 'MemCompression', 'username': None, 'cpu_percent': 0.0, 'memory_percent': 1.1476344457843008}
-------------------------------------------------------
-------------------------------------------------------
{'status': 'running', 'pid': 2828, 'name': 'svchost.exe', 'username': None, 'cpu_percent': 0.0, 'memory_percent': 0.16706846035466905}
-------------------------------------------------------
-------------------------------------------------------
{'status': 'running', 'pid': 2872, 'name': 'svchost.exe', 'username': None, 'cpu_percent': 0.0, 'memory_percent': 0.22055387774173987}
-------------------------------------------------------
-------------------------------------------------------
{'status': 'running', 'pid': 2944, 'name': 'Code.exe', 'username': 'TOOSHARP\\Lenovo', 'cpu_percent': 0.0, 'memory_percent': 4.075961047726429}
-------------------------------------------------------
-------------------------------------------------------
{'status': 'running', 'pid': 2976, 'name': 'igfxCUIServiceN.exe', 'username': None, 'cpu_percent': 0.0, 'memory_percent': 0.17025211615151853}
-------------------------------------------------------
-------------------------------------------------------
{'status': 'running', 'pid': 3032, 'name': 'svchost.exe', 'username': None, 'cpu_percent': 0.0, 'memory_percent': 0.1392971859421515}
-------------------------------------------------------
-------------------------------------------------------
{'status': 'running', 'pid': 3040, 'name': 'svchost.exe', 'username': None, 'cpu_percent': 0.0, 'memory_percent': 0.12470134859659554}
-------------------------------------------------------
-------------------------------------------------------
{'status': 'running', 'pid': 3048, 'name': 'chrome.exe', 'username': 'TOOSHARP\\Lenovo', 'cpu_percent': 0.0, 'memory_percent': 1.1403855064314745}
-------------------------------------------------------
-------------------------------------------------------
{'status': 'running', 'pid': 3064, 'name': 'RtkAudUService64.exe', 'username': 'TOOSHARP\\Lenovo', 'cpu_percent': 0.0, 'memory_percent': 0.220749795021546}
-------------------------------------------------------
-------------------------------------------------------
{'status': 'running', 'pid': 3096, 'name': 'svchost.exe', 'username': None, 'cpu_percent': 0.0, 'memory_percent': 0.24950065583309416}
-------------------------------------------------------
-------------------------------------------------------
{'status': 'running', 'pid': 3144, 'name': 'svchost.exe', 'username': None, 'cpu_percent': 0.0, 'memory_percent': 0.13542781966598064}
-------------------------------------------------------
-------------------------------------------------------
{'status': 'running', 'pid': 3192, 'name': 'm365copilot_autostarter.exe', 'username': 'TOOSHARP\\Lenovo', 'cpu_percent': 0.0, 'memory_percent': 0.1627582801989344}
-------------------------------------------------------
-------------------------------------------------------
{'status': 'running', 'pid': 3264, 'name': 'svchost.exe', 'username': None, 'cpu_percent': 0.0, 'memory_percent': 0.10937082145176663}
-------------------------------------------------------
-------------------------------------------------------
{'status': 'running', 'pid': 3320, 'name': 'svchost.exe', 'username': None, 'cpu_percent': 0.0, 'memory_percent': 0.3016146522615221}
-------------------------------------------------------
-------------------------------------------------------
{'status': 'running', 'pid': 3328, 'name': 'RuntimeBroker.exe', 'username': 'TOOSHARP\\Lenovo', 'cpu_percent': 0.0, 'memory_percent': 0.2621862997005404}
-------------------------------------------------------
-------------------------------------------------------
{'status': 'running', 'pid': 3340, 'name': 'IntelAudioService.exe', 'username': None, 'cpu_percent': 0.0, 'memory_percent': 0.2094845514326941}
-------------------------------------------------------
-------------------------------------------------------
{'status': 'running', 'pid': 3380, 'name': 'OpenConsole.exe', 'username': 'TOOSHARP\\Lenovo', 'cpu_percent': 0.0, 'memory_percent': 0.1283258182730088}
-------------------------------------------------------
-------------------------------------------------------
{'status': 'running', 'pid': 3392, 'name': 'svchost.exe', 'username': None, 'cpu_percent': 0.0, 'memory_percent': 0.10471778605637128}
-------------------------------------------------------
-------------------------------------------------------
{'status': 'running', 'pid': 3400, 'name': 'LenovoVantage-(GenericMessagingAddin).exe', 'username': 'TOOSHARP\\Lenovo', 'cpu_percent': 0.0, 'memory_percent': 0.05015482363036678}
-------------------------------------------------------
-------------------------------------------------------
{'status': 'running', 'pid': 3512, 'name': 'svchost.exe', 'username': None, 'cpu_percent': 0.0, 'memory_percent': 0.15399098192761052}
-------------------------------------------------------
-------------------------------------------------------
{'status': 'running', 'pid': 3552, 'name': 'svchost.exe', 'username': None, 'cpu_percent': 0.0, 'memory_percent': 0.39825085052589093}
-------------------------------------------------------
-------------------------------------------------------
{'status': 'running', 'pid': 3600, 'name': 'svchost.exe', 'username': None, 'cpu_percent': 0.0, 'memory_percent': 0.23103545221136731}
-------------------------------------------------------
-------------------------------------------------------
{'status': 'running', 'pid': 3628, 'name': 'RuntimeBroker.exe', 'username': 'TOOSHARP\\Lenovo', 'cpu_percent': 0.0, 'memory_percent': 0.13675026130467194}
-------------------------------------------------------
-------------------------------------------------------
{'status': 'running', 'pid': 3700, 'name': 'spoolsv.exe', 'username': None, 'cpu_percent': 0.0, 'memory_percent': 0.15570525812591407}
-------------------------------------------------------
-------------------------------------------------------
{'status': 'running', 'pid': 3732, 'name': 'svchost.exe', 'username': None, 'cpu_percent': 0.0, 'memory_percent': 0.43292820905157425}
-------------------------------------------------------
-------------------------------------------------------
{'status': 'running', 'pid': 3776, 'name': 'svchost.exe', 'username': None, 'cpu_percent': 0.0, 'memory_percent': 0.12279115511848587}
-------------------------------------------------------
-------------------------------------------------------
{'status': 'running', 'pid': 3792, 'name': 'svchost.exe', 'username': None, 'cpu_percent': 0.0, 'memory_percent': 0.7202898792072011}
-------------------------------------------------------
-------------------------------------------------------
{'status': 'running', 'pid': 3836, 'name': 'svchost.exe', 'username': None, 'cpu_percent': 0.0, 'memory_percent': 0.2925534780704891}
-------------------------------------------------------
-------------------------------------------------------
{'status': 'running', 'pid': 3844, 'name': 'svchost.exe', 'username': None, 'cpu_percent': 0.0, 'memory_percent': 0.12979519787155466}
-------------------------------------------------------
-------------------------------------------------------
{'status': 'running', 'pid': 3852, 'name': 'svchost.exe', 'username': None, 'cpu_percent': 0.0, 'memory_percent': 0.5663968559194937}
-------------------------------------------------------
-------------------------------------------------------
{'status': 'running', 'pid': 3868, 'name': 'DAX3API.exe', 'username': None, 'cpu_percent': 0.0, 'memory_percent': 0.16530520483641398}
-------------------------------------------------------
-------------------------------------------------------
{'status': 'running', 'pid': 3892, 'name': 'svchost.exe', 'username': None, 'cpu_percent': 0.0, 'memory_percent': 0.4464465013581965}
-------------------------------------------------------
-------------------------------------------------------
{'status': 'running', 'pid': 3904, 'name': 'OfficeClickToRun.exe', 'username': None, 'cpu_percent': 0.0, 'memory_percent': 0.4702014715346886}
-------------------------------------------------------
-------------------------------------------------------
{'status': 'running', 'pid': 3932, 'name': 'ElevocControlService.exe', 'username': None, 'cpu_percent': 0.0, 'memory_percent': 0.08184444363900674}
-------------------------------------------------------
-------------------------------------------------------
{'status': 'running', 'pid': 3984, 'name': 'esif_uf.exe', 'username': None, 'cpu_percent': 0.0, 'memory_percent': 0.06205679837858859}
-------------------------------------------------------
-------------------------------------------------------
{'status': 'running', 'pid': 4024, 'name': 'chrome.exe', 'username': 'TOOSHARP\\Lenovo', 'cpu_percent': 0.0, 'memory_percent': 0.8506238495982227}
-------------------------------------------------------
-------------------------------------------------------
{'status': 'running', 'pid': 4052, 'name': 'OneApp.IGCC.WinService.exe', 'username': None, 'cpu_percent': 0.0, 'memory_percent': 0.21041515851177314}
-------------------------------------------------------
-------------------------------------------------------
{'status': 'running', 'pid': 4116, 'name': 'AggregatorHost.exe', 'username': None, 'cpu_percent': 0.0, 'memory_percent': 0.19993358404214573}
-------------------------------------------------------
-------------------------------------------------------
{'status': 'running', 'pid': 4148, 'name': 'LNBITSSvc.exe', 'username': None, 'cpu_percent': 0.0, 'memory_percent': 0.22760689981476018}
-------------------------------------------------------
-------------------------------------------------------
{'status': 'running', 'pid': 4244, 'name': 'LenovoUtilityService.exe', 'username': None, 'cpu_percent': 0.0, 'memory_percent': 0.1490930499324575}
-------------------------------------------------------
-------------------------------------------------------
{'status': 'running', 'pid': 4280, 'name': 'LMS.exe', 'username': None, 'cpu_percent': 0.0, 'memory_percent': 0.09095459714999132}
-------------------------------------------------------
-------------------------------------------------------
{'status': 'running', 'pid': 4288, 'name': 'VoiceAssistantService.exe', 'username': None, 'cpu_percent': 0.0, 'memory_percent': 0.09144439034950663}
-------------------------------------------------------
-------------------------------------------------------
{'status': 'running', 'pid': 4300, 'name': 'LenovoVantageService.exe', 'username': None, 'cpu_percent': 0.0, 'memory_percent': 0.6776288915294184}
-------------------------------------------------------
-------------------------------------------------------
{'status': 'running', 'pid': 4344, 'name': 'MpDefenderCoreService.exe', 'username': None, 'cpu_percent': 0.0, 'memory_percent': 0.2708556393319613}
-------------------------------------------------------
-------------------------------------------------------
{'status': 'running', 'pid': 4396, 'name': 'svchost.exe', 'username': None, 'cpu_percent': 0.0, 'memory_percent': 0.12107687892018232}
-------------------------------------------------------
-------------------------------------------------------
{'status': 'running', 'pid': 4416, 'name': 'mysqld.exe', 'username': None, 'cpu_percent': 0.0, 'memory_percent': 0.1371910751842357}
-------------------------------------------------------
-------------------------------------------------------
{'status': 'running', 'pid': 4480, 'name': 'RstMwService.exe', 'username': None, 'cpu_percent': 0.0, 'memory_percent': 0.07939547764143023}
-------------------------------------------------------
-------------------------------------------------------
{'status': 'running', 'pid': 4488, 'name': 'mongod.exe', 'username': None, 'cpu_percent': 0.0, 'memory_percent': 0.47931162504567315}
-------------------------------------------------------
-------------------------------------------------------
{'status': 'running', 'pid': 4524, 'name': 'WUDFHost.exe', 'username': None, 'cpu_percent': 0.0, 'memory_percent': 0.06019558422043045}
-------------------------------------------------------
-------------------------------------------------------
{'status': 'running', 'pid': 4544, 'name': 'RtkAudUService64.exe', 'username': None, 'cpu_percent': 0.0, 'memory_percent': 0.14977876041177896}
-------------------------------------------------------
-------------------------------------------------------
{'status': 'running', 'pid': 4608, 'name': 'svchost.exe', 'username': None, 'cpu_percent': 0.0, 'memory_percent': 0.10501166197608046}
-------------------------------------------------------
-------------------------------------------------------
{'status': 'running', 'pid': 4676, 'name': 'svchost.exe', 'username': None, 'cpu_percent': 0.0, 'memory_percent': 0.060783336059848814}
-------------------------------------------------------
-------------------------------------------------------
{'status': 'running', 'pid': 4840, 'name': 'svchost.exe', 'username': None, 'cpu_percent': 0.0, 'memory_percent': 0.3263981881569964}
-------------------------------------------------------
-------------------------------------------------------
{'status': 'running', 'pid': 4856, 'name': 'MsMpEng.exe', 'username': None, 'cpu_percent': 0.0, 'memory_percent': 2.614467119692723}
-------------------------------------------------------
-------------------------------------------------------
{'status': 'running', 'pid': 4900, 'name': 'WMIRegistrationService.exe', 'username': None, 'cpu_percent': 0.0, 'memory_percent': 0.11534629848585332}
-------------------------------------------------------
-------------------------------------------------------
{'status': 'running', 'pid': 4936, 'name': 'svchost.exe', 'username': None, 'cpu_percent': 0.0, 'memory_percent': 0.3116554128515858}
-------------------------------------------------------
-------------------------------------------------------
{'status': 'running', 'pid': 4944, 'name': 'svchost.exe', 'username': None, 'cpu_percent': 0.0, 'memory_percent': 0.062399653618249305}
-------------------------------------------------------
-------------------------------------------------------
{'status': 'running', 'pid': 5116, 'name': 'msedgewebview2.exe', 'username': 'TOOSHARP\\Lenovo', 'cpu_percent': 0.0, 'memory_percent': 1.0752430108959397}
-------------------------------------------------------
-------------------------------------------------------
{'status': 'running', 'pid': 5204, 'name': 'svchost.exe', 'username': None, 'cpu_percent': 0.0, 'memory_percent': 0.16123992128043696}
-------------------------------------------------------
-------------------------------------------------------
{'status': 'running', 'pid': 5220, 'name': 'jhi_service.exe', 'username': None, 'cpu_percent': 0.0, 'memory_percent': 0.055885404064695804}
-------------------------------------------------------
-------------------------------------------------------
{'status': 'running', 'pid': 5428, 'name': 'mysqld.exe', 'username': None, 'cpu_percent': 0.0, 'memory_percent': 0.1110850976500702}
-------------------------------------------------------
-------------------------------------------------------
{'status': 'running', 'pid': 5532, 'name': 'conhost.exe', 'username': None, 'cpu_percent': 0.0, 'memory_percent': 0.05407316922648919}
-------------------------------------------------------
-------------------------------------------------------
{'status': 'stopped', 'pid': 5536, 'name': 'SystemSettings.exe', 'username': 'TOOSHARP\\Lenovo', 'cpu_percent': 0.0, 'memory_percent': 0.03624469676413225}
-------------------------------------------------------
-------------------------------------------------------
{'status': 'running', 'pid': 5612, 'name': 'sihost.exe', 'username': 'TOOSHARP\\Lenovo', 'cpu_percent': 0.0, 'memory_percent': 0.6287965095377429}
-------------------------------------------------------
-------------------------------------------------------
{'status': 'running', 'pid': 5832, 'name': 'chrome.exe', 'username': 'TOOSHARP\\Lenovo', 'cpu_percent': 0.0, 'memory_percent': 0.12088096164037619}
-------------------------------------------------------
-------------------------------------------------------
{'status': 'running', 'pid': 6048, 'name': 'pet.exe', 'username': 'TOOSHARP\\Lenovo', 'cpu_percent': 0.0, 'memory_percent': 0.1055504344955473}
-------------------------------------------------------
-------------------------------------------------------
{'status': 'running', 'pid': 6368, 'name': 'svchost.exe', 'username': None, 'cpu_percent': 0.0, 'memory_percent': 0.13954208254190914}
-------------------------------------------------------
-------------------------------------------------------
{'status': 'running', 'pid': 6372, 'name': 'svchost.exe', 'username': 'TOOSHARP\\Lenovo', 'cpu_percent': 0.0, 'memory_percent': 0.29994935538317014}
-------------------------------------------------------
-------------------------------------------------------
{'status': 'running', 'pid': 6504, 'name': 'svchost.exe', 'username': None, 'cpu_percent': 0.0, 'memory_percent': 0.09678313622422341}
-------------------------------------------------------
-------------------------------------------------------
{'status': 'running', 'pid': 6616, 'name': 'msedgewebview2.exe', 'username': 'TOOSHARP\\Lenovo', 'cpu_percent': 0.0, 'memory_percent': 0.5088951342963973}
-------------------------------------------------------
-------------------------------------------------------
{'status': 'running', 'pid': 6640, 'name': 'svchost.exe', 'username': None, 'cpu_percent': 0.0, 'memory_percent': 0.09604844642495046}
-------------------------------------------------------
-------------------------------------------------------
{'status': 'running', 'pid': 6932, 'name': 'WmiPrvSE.exe', 'username': None, 'cpu_percent': 0.0, 'memory_percent': 0.2131090211091073}
-------------------------------------------------------
-------------------------------------------------------
{'status': 'running', 'pid': 7060, 'name': 'svchost.exe', 'username': None, 'cpu_percent': 0.0, 'memory_percent': 0.16559908075612315}
-------------------------------------------------------
-------------------------------------------------------
{'status': 'running', 'pid': 7156, 'name': 'unsecapp.exe', 'username': None, 'cpu_percent': 0.0, 'memory_percent': 0.131950287949422}
-------------------------------------------------------
-------------------------------------------------------
{'status': 'running', 'pid': 7332, 'name': 'msedgewebview2.exe', 'username': 'TOOSHARP\\Lenovo', 'cpu_percent': 0.0, 'memory_percent': 1.4756979308196492}
-------------------------------------------------------
-------------------------------------------------------
{'status': 'running', 'pid': 7404, 'name': 'chrome.exe', 'username': 'TOOSHARP\\Lenovo', 'cpu_percent': 0.0, 'memory_percent': 2.6686382475591155}
-------------------------------------------------------
-------------------------------------------------------
{'status': 'running', 'pid': 7632, 'name': 'svchost.exe', 'username': None, 'cpu_percent': 0.0, 'memory_percent': 0.35720618040650876}
-------------------------------------------------------
-------------------------------------------------------
{'status': 'running', 'pid': 7680, 'name': 'NisSrv.exe', 'username': None, 'cpu_percent': 0.0, 'memory_percent': 0.11603200896517472}
-------------------------------------------------------
-------------------------------------------------------
{'status': 'running', 'pid': 7760, 'name': 'svchost.exe', 'username': None, 'cpu_percent': 0.0, 'memory_percent': 0.3279165470754938}
-------------------------------------------------------
-------------------------------------------------------
{'status': 'running', 'pid': 7936, 'name': 'NgcIso.exe', 'username': None, 'cpu_percent': 0.0, 'memory_percent': 0.03041615768990017}
-------------------------------------------------------
-------------------------------------------------------
{'status': 'running', 'pid': 8076, 'name': 'svchost.exe', 'username': None, 'cpu_percent': 0.0, 'memory_percent': 0.3858101032582023}
-------------------------------------------------------
-------------------------------------------------------
{'status': 'running', 'pid': 8084, 'name': 'Code.exe', 'username': 'TOOSHARP\\Lenovo', 'cpu_percent': 0.0, 'memory_percent': 1.180156714232117}
-------------------------------------------------------
-------------------------------------------------------
{'status': 'running', 'pid': 8108, 'name': 'svchost.exe', 'username': None, 'cpu_percent': 0.0, 'memory_percent': 0.1062361449748687}
-------------------------------------------------------
-------------------------------------------------------
{'status': 'running', 'pid': 8220, 'name': 'msedgewebview2.exe', 'username': 'TOOSHARP\\Lenovo', 'cpu_percent': 0.0, 'memory_percent': 0.24768842099488755}
-------------------------------------------------------
-------------------------------------------------------
{'status': 'running', 'pid': 8296, 'name': 'audiodg.exe', 'username': None, 'cpu_percent': 0.0, 'memory_percent': 0.2583659127443211}
-------------------------------------------------------
-------------------------------------------------------
{'status': 'running', 'pid': 8412, 'name': 'msedgewebview2.exe', 'username': 'TOOSHARP\\Lenovo', 'cpu_percent': 0.0, 'memory_percent': 0.055836424744744276}
-------------------------------------------------------
-------------------------------------------------------
{'status': 'running', 'pid': 8540, 'name': 'svchost.exe', 'username': 'TOOSHARP\\Lenovo', 'cpu_percent': 0.0, 'memory_percent': 0.5208460883645707}
-------------------------------------------------------
-------------------------------------------------------
{'status': 'running', 'pid': 8632, 'name': 'svchost.exe', 'username': None, 'cpu_percent': 0.0, 'memory_percent': 0.10422799285685598}
-------------------------------------------------------
-------------------------------------------------------
{'status': 'running', 'pid': 8748, 'name': 'conhost.exe', 'username': 'TOOSHARP\\Lenovo', 'cpu_percent': 0.0, 'memory_percent': 0.0822852575185705}
-------------------------------------------------------
-------------------------------------------------------
{'status': 'running', 'pid': 8892, 'name': 'svchost.exe', 'username': None, 'cpu_percent': 0.0, 'memory_percent': 0.14047268962098824}
-------------------------------------------------------
-------------------------------------------------------
{'status': 'running', 'pid': 9012, 'name': 'msedgewebview2.exe', 'username': 'TOOSHARP\\Lenovo', 'cpu_percent': 0.0, 'memory_percent': 0.5395561885860551}
-------------------------------------------------------
-------------------------------------------------------
{'status': 'running', 'pid': 9036, 'name': 'ctfmon.exe', 'username': 'TOOSHARP\\Lenovo', 'cpu_percent': 0.0, 'memory_percent': 0.4062344796779903}
-------------------------------------------------------
-------------------------------------------------------
{'status': 'running', 'pid': 9064, 'name': 'svchost.exe', 'username': None, 'cpu_percent': 0.0, 'memory_percent': 0.09590150846509587}
-------------------------------------------------------
-------------------------------------------------------
{'status': 'running', 'pid': 9104, 'name': 'wlanext.exe', 'username': None, 'cpu_percent': 0.0, 'memory_percent': 0.1070198140940932}
-------------------------------------------------------
-------------------------------------------------------
{'status': 'running', 'pid': 9108, 'name': 'python.exe', 'username': 'TOOSHARP\\Lenovo', 'cpu_percent': 0.0, 'memory_percent': 0.18548468465644435}
-------------------------------------------------------
-------------------------------------------------------
{'status': 'running', 'pid': 9112, 'name': 'svchost.exe', 'username': None, 'cpu_percent': 0.0, 'memory_percent': 0.2799657928429458}
-------------------------------------------------------
-------------------------------------------------------
{'status': 'running', 'pid': 9144, 'name': 'PresentationFontCache.exe', 'username': None, 'cpu_percent': 0.0, 'memory_percent': 0.11348508432769518}
-------------------------------------------------------
-------------------------------------------------------
{'status': 'running', 'pid': 9176, 'name': 'svchost.exe', 'username': None, 'cpu_percent': 0.0, 'memory_percent': 0.29079022255223397}
-------------------------------------------------------
-------------------------------------------------------
{'status': 'running', 'pid': 9276, 'name': 'svchost.exe', 'username': None, 'cpu_percent': 0.0, 'memory_percent': 0.2960310097870477}
-------------------------------------------------------
-------------------------------------------------------
{'status': 'running', 'pid': 9360, 'name': 'svchost.exe', 'username': None, 'cpu_percent': 0.0, 'memory_percent': 0.12435849335693484}
-------------------------------------------------------
-------------------------------------------------------
{'status': 'running', 'pid': 10024, 'name': 'OpenConsole.exe', 'username': 'TOOSHARP\\Lenovo', 'cpu_percent': 0.0, 'memory_percent': 0.1766194277452174}
-------------------------------------------------------
-------------------------------------------------------
{'status': 'running', 'pid': 10044, 'name': 'Locator.exe', 'username': None, 'cpu_percent': 0.0, 'memory_percent': 0.028995757411305795}
-------------------------------------------------------
-------------------------------------------------------
{'status': 'running', 'pid': 10080, 'name': 'svchost.exe', 'username': None, 'cpu_percent': 0.0, 'memory_percent': 0.34785113029576653}
-------------------------------------------------------
-------------------------------------------------------
{'status': 'running', 'pid': 10116, 'name': 'explorer.exe', 'username': 'TOOSHARP\\Lenovo', 'cpu_percent': 0.0, 'memory_percent': 3.7478975626910804}
-------------------------------------------------------
-------------------------------------------------------
{'status': 'running', 'pid': 10136, 'name': 'svchost.exe', 'username': None, 'cpu_percent': 0.0, 'memory_percent': 0.1583011620833452}
-------------------------------------------------------
-------------------------------------------------------
{'status': 'running', 'pid': 10156, 'name': 'msedgewebview2.exe', 'username': 'TOOSHARP\\Lenovo', 'cpu_percent': 0.0, 'memory_percent': 0.9879618627423129}
-------------------------------------------------------
-------------------------------------------------------
{'status': 'running', 'pid': 10224, 'name': 'MessagingPlugin.exe', 'username': 'TOOSHARP\\Lenovo', 'cpu_percent': 0.0, 'memory_percent': 0.5289276761565731}
-------------------------------------------------------
-------------------------------------------------------
{'status': 'running', 'pid': 10448, 'name': 'chrome.exe', 'username': 'TOOSHARP\\Lenovo', 'cpu_percent': 0.0, 'memory_percent': 0.8641911212247965}
-------------------------------------------------------
-------------------------------------------------------
{'status': 'running', 'pid': 10456, 'name': 'svchost.exe', 'username': None, 'cpu_percent': 0.0, 'memory_percent': 0.24852106943406357}
-------------------------------------------------------
-------------------------------------------------------
{'status': 'running', 'pid': 10576, 'name': 'ApplicationFrameHost.exe', 'username': 'TOOSHARP\\Lenovo', 'cpu_percent': 0.0, 'memory_percent': 0.559490771806328}
-------------------------------------------------------
-------------------------------------------------------
{'status': 'running', 'pid': 10624, 'name': 'UDClientService.exe', 'username': None, 'cpu_percent': 0.0, 'memory_percent': 0.4385608308460002}
-------------------------------------------------------
-------------------------------------------------------
{'status': 'running', 'pid': 10632, 'name': 'svchost.exe', 'username': None, 'cpu_percent': 0.0, 'memory_percent': 0.10060352318044276}
-------------------------------------------------------
-------------------------------------------------------
{'status': 'running', 'pid': 10740, 'name': 'conhost.exe', 'username': None, 'cpu_percent': 0.0, 'memory_percent': 0.1266115420747052}
-------------------------------------------------------
-------------------------------------------------------
{'status': 'running', 'pid': 11012, 'name': 'conhost.exe', 'username': 'TOOSHARP\\Lenovo', 'cpu_percent': 0.0, 'memory_percent': 0.11162387016953701}
-------------------------------------------------------
-------------------------------------------------------
{'status': 'running', 'pid': 11068, 'name': 'ShellHost.exe', 'username': 'TOOSHARP\\Lenovo', 'cpu_percent': 0.0, 'memory_percent': 1.8571488746021654}
-------------------------------------------------------
-------------------------------------------------------
{'status': 'running', 'pid': 11240, 'name': 'Code.exe', 'username': 'TOOSHARP\\Lenovo', 'cpu_percent': 0.0, 'memory_percent': 1.198083145334377}
-------------------------------------------------------
-------------------------------------------------------
{'status': 'running', 'pid': 11292, 'name': 'unsecapp.exe', 'username': 'TOOSHARP\\Lenovo', 'cpu_percent': 0.0, 'memory_percent': 0.12572991431557767}
-------------------------------------------------------
-------------------------------------------------------
{'status': 'running', 'pid': 11332, 'name': 'svchost.exe', 'username': None, 'cpu_percent': 0.0, 'memory_percent': 0.05461194174595603}
-------------------------------------------------------
-------------------------------------------------------
{'status': 'running', 'pid': 11344, 'name': 'powershell.exe', 'username': 'TOOSHARP\\Lenovo', 'cpu_percent': 0.0, 'memory_percent': 0.694134922353084}
-------------------------------------------------------
-------------------------------------------------------
{'status': 'running', 'pid': 11388, 'name': 'svchost.exe', 'username': None, 'cpu_percent': 0.0, 'memory_percent': 0.508209423817076}
-------------------------------------------------------
-------------------------------------------------------
{'status': 'running', 'pid': 11408, 'name': 'chrome.exe', 'username': 'TOOSHARP\\Lenovo', 'cpu_percent': 0.0, 'memory_percent': 3.419540201736023}
-------------------------------------------------------
-------------------------------------------------------
{'status': 'running', 'pid': 11536, 'name': 'AutoModeDetect.exe', 'username': 'TOOSHARP\\Lenovo', 'cpu_percent': 0.0, 'memory_percent': 0.17216230962962817}
-------------------------------------------------------
-------------------------------------------------------
{'status': 'running', 'pid': 11620, 'name': 'msedgewebview2.exe', 'username': 'TOOSHARP\\Lenovo', 'cpu_percent': 0.0, 'memory_percent': 0.22613752021621433}
-------------------------------------------------------
-------------------------------------------------------
{'status': 'running', 'pid': 11824, 'name': 'msedgewebview2.exe', 'username': 'TOOSHARP\\Lenovo', 'cpu_percent': 0.0, 'memory_percent': 1.225903399066846}
-------------------------------------------------------
-------------------------------------------------------
{'status': 'running', 'pid': 11840, 'name': 'msedgewebview2.exe', 'username': 'TOOSHARP\\Lenovo', 'cpu_percent': 0.0, 'memory_percent': 1.2221319914305782}
-------------------------------------------------------
-------------------------------------------------------
{'status': 'running', 'pid': 11872, 'name': 'AppProvisioningPlugin.exe', 'username': None, 'cpu_percent': 0.0, 'memory_percent': 0.17162353711016134}
-------------------------------------------------------
-------------------------------------------------------
{'status': 'running', 'pid': 12344, 'name': 'svchost.exe', 'username': None, 'cpu_percent': 0.0, 'memory_percent': 0.09536273594562904}
-------------------------------------------------------
-------------------------------------------------------
{'status': 'running', 'pid': 12516, 'name': 'Code.exe', 'username': 'TOOSHARP\\Lenovo', 'cpu_percent': 0.0, 'memory_percent': 1.1900995161822774}
-------------------------------------------------------
-------------------------------------------------------
{'status': 'running', 'pid': 12888, 'name': 'conhost.exe', 'username': 'TOOSHARP\\Lenovo', 'cpu_percent': 0.0, 'memory_percent': 0.1184319956427997}
-------------------------------------------------------
-------------------------------------------------------
{'status': 'running', 'pid': 12988, 'name': 'SearchIndexer.exe', 'username': None, 'cpu_percent': 0.0, 'memory_percent': 0.40902630091522757}
-------------------------------------------------------
-------------------------------------------------------
{'status': 'running', 'pid': 13012, 'name': 'msedgewebview2.exe', 'username': 'TOOSHARP\\Lenovo', 'cpu_percent': 0.0, 'memory_percent': 1.7251006280128407}
-------------------------------------------------------
-------------------------------------------------------
{'status': 'running', 'pid': 13100, 'name': 'TextInputHost.exe', 'username': 'TOOSHARP\\Lenovo', 'cpu_percent': 0.0, 'memory_percent': 1.0593737112316437}
-------------------------------------------------------
-------------------------------------------------------
{'status': 'running', 'pid': 13236, 'name': 'WmiApSrv.exe', 'username': None, 'cpu_percent': 0.0, 'memory_percent': 0.10128923365976417}
-------------------------------------------------------
-------------------------------------------------------
{'status': 'running', 'pid': 13340, 'name': 'igfxEMN.exe', 'username': 'TOOSHARP\\Lenovo', 'cpu_percent': 0.0, 'memory_percent': 0.21203147607017367}
-------------------------------------------------------
-------------------------------------------------------
{'status': 'running', 'pid': 13408, 'name': 'RuntimeBroker.exe', 'username': 'TOOSHARP\\Lenovo', 'cpu_percent': 0.0, 'memory_percent': 0.16608887395563846}
-------------------------------------------------------
-------------------------------------------------------
{'status': 'running', 'pid': 13444, 'name': 'chrome.exe', 'username': 'TOOSHARP\\Lenovo', 'cpu_percent': 0.0, 'memory_percent': 0.24523945499731106}
-------------------------------------------------------
-------------------------------------------------------
{'status': 'running', 'pid': 13464, 'name': 'SecurityHealthService.exe', 'username': None, 'cpu_percent': 0.0, 'memory_percent': 0.2246191612977169}
-------------------------------------------------------
-------------------------------------------------------
{'status': 'running', 'pid': 13540, 'name': 'python.exe', 'username': 'TOOSHARP\\Lenovo', 'cpu_percent': 0.0, 'memory_percent': 0.2832474072796983}
-------------------------------------------------------
-------------------------------------------------------
{'status': 'running', 'pid': 13576, 'name': 'StartMenuExperienceHost.exe', 'username': 'TOOSHARP\\Lenovo', 'cpu_percent': 0.0, 'memory_percent': 1.861067220198288}
-------------------------------------------------------
-------------------------------------------------------
{'status': 'running', 'pid': 13644, 'name': 'LenovoVantage-(VantageCoreAddin).exe', 'username': None, 'cpu_percent': 0.0, 'memory_percent': 0.15105222273051874}
-------------------------------------------------------
-------------------------------------------------------
{'status': 'running', 'pid': 13860, 'name': 'WindowsTerminal.exe', 'username': 'TOOSHARP\\Lenovo', 'cpu_percent': 0.0, 'memory_percent': 1.1613486553707295}
-------------------------------------------------------
-------------------------------------------------------
{'status': 'running', 'pid': 14104, 'name': 'svchost.exe', 'username': None, 'cpu_percent': 0.0, 'memory_percent': 0.07371387652705275}
-------------------------------------------------------
-------------------------------------------------------
{'status': 'running', 'pid': 14372, 'name': 'Code.exe', 'username': 'TOOSHARP\\Lenovo', 'cpu_percent': 0.0, 'memory_percent': 0.98242719958779}
-------------------------------------------------------
-------------------------------------------------------
{'status': 'running', 'pid': 14428, 'name': 'svchost.exe', 'username': None, 'cpu_percent': 0.0, 'memory_percent': 0.05603234202455039}
-------------------------------------------------------
-------------------------------------------------------
{'status': 'running', 'pid': 14436, 'name': 'Code.exe', 'username': 'TOOSHARP\\Lenovo', 'cpu_percent': 0.0, 'memory_percent': 0.4453199769993113}
-------------------------------------------------------
-------------------------------------------------------
{'status': 'running', 'pid': 14496, 'name': 'dwm.exe', 'username': None, 'cpu_percent': 0.0, 'memory_percent': 1.524089498931761}
-------------------------------------------------------
-------------------------------------------------------
{'status': 'running', 'pid': 14580, 'name': 'cmd.exe', 'username': 'TOOSHARP\\Lenovo', 'cpu_percent': 0.0, 'memory_percent': 0.16119094196048545}
-------------------------------------------------------
-------------------------------------------------------
{'status': 'running', 'pid': 14584, 'name': 'AppActions.exe', 'username': 'TOOSHARP\\Lenovo', 'cpu_percent': 0.0, 'memory_percent': 0.49322175191190776}
-------------------------------------------------------
-------------------------------------------------------
{'status': 'running', 'pid': 14788, 'name': 'DAX3API.exe', 'username': None, 'cpu_percent': 0.0, 'memory_percent': 0.16946844703229402}
-------------------------------------------------------
-------------------------------------------------------
{'status': 'running', 'pid': 14796, 'name': 'OneDrive.Sync.Service.exe', 'username': 'TOOSHARP\\Lenovo', 'cpu_percent': 0.0, 'memory_percent': 0.3178268071654786}
-------------------------------------------------------
-------------------------------------------------------
{'status': 'running', 'pid': 14876, 'name': 'Code.exe', 'username': 'TOOSHARP\\Lenovo', 'cpu_percent': 0.0, 'memory_percent': 2.8688657075209707}
-------------------------------------------------------
-------------------------------------------------------
{'status': 'running', 'pid': 14900, 'name': 'Code.exe', 'username': 'TOOSHARP\\Lenovo', 'cpu_percent': 0.0, 'memory_percent': 0.6695962830573675}
-------------------------------------------------------
-------------------------------------------------------
{'status': 'running', 'pid': 14904, 'name': 'FnHotkeyUtility.exe', 'username': 'TOOSHARP\\Lenovo', 'cpu_percent': 0.0, 'memory_percent': 0.36078167076297046}
-------------------------------------------------------
-------------------------------------------------------
{'status': 'running', 'pid': 14972, 'name': 'CrossDeviceResume.exe', 'username': 'TOOSHARP\\Lenovo', 'cpu_percent': 0.0, 'memory_percent': 0.5402908783853282}
-------------------------------------------------------
-------------------------------------------------------
{'status': 'running', 'pid': 15068, 'name': 'svchost.exe', 'username': None, 'cpu_percent': 0.0, 'memory_percent': 0.13023601175111843}
-------------------------------------------------------
-------------------------------------------------------
{'status': 'running', 'pid': 15204, 'name': 'msedgewebview2.exe', 'username': 'TOOSHARP\\Lenovo', 'cpu_percent': 0.0, 'memory_percent': 0.03404062736631339}
-------------------------------------------------------
-------------------------------------------------------
{'status': 'running', 'pid': 15376, 'name': 'svchost.exe', 'username': 'TOOSHARP\\Lenovo', 'cpu_percent': 0.0, 'memory_percent': 0.36695306507686326}
-------------------------------------------------------
-------------------------------------------------------
{'status': 'running', 'pid': 15428, 'name': 'svchost.exe', 'username': 'TOOSHARP\\Lenovo', 'cpu_percent': 0.0, 'memory_percent': 0.18254592545935255}
-------------------------------------------------------
-------------------------------------------------------
{'status': 'running', 'pid': 15536, 'name': 'WidgetService.exe', 'username': 'TOOSHARP\\Lenovo', 'cpu_percent': 0.0, 'memory_percent': 0.29921466558389714}
-------------------------------------------------------
-------------------------------------------------------
{'status': 'running', 'pid': 15552, 'name': 'WmiPrvSE.exe', 'username': None, 'cpu_percent': 0.0, 'memory_percent': 0.18421122233770457}
-------------------------------------------------------
-------------------------------------------------------
{'status': 'running', 'pid': 15748, 'name': 'taskhostw.exe', 'username': 'TOOSHARP\\Lenovo', 'cpu_percent': 0.0, 'memory_percent': 0.25488838102776246}
-------------------------------------------------------
-------------------------------------------------------
{'status': 'running', 'pid': 15760, 'name': 'RuntimeBroker.exe', 'username': 'TOOSHARP\\Lenovo', 'cpu_percent': 0.0, 'memory_percent': 0.2617454858209767}
-------------------------------------------------------
-------------------------------------------------------
{'status': 'running', 'pid': 15800, 'name': 'msedgewebview2.exe', 'username': 'TOOSHARP\\Lenovo', 'cpu_percent': 0.0, 'memory_percent': 1.5635178514927426}
-------------------------------------------------------
-------------------------------------------------------
{'status': 'running', 'pid': 15972, 'name': 'powershell.exe', 'username': 'TOOSHARP\\Lenovo', 'cpu_percent': 0.0, 'memory_percent': 0.6287965095377429}
-------------------------------------------------------
-------------------------------------------------------
{'status': 'running', 'pid': 16072, 'name': 'chrome.exe', 'username': 'TOOSHARP\\Lenovo', 'cpu_percent': 0.0, 'memory_percent': 0.9049908947444211}
-------------------------------------------------------
-------------------------------------------------------
{'status': 'running', 'pid': 16444, 'name': 'Furever Dock.exe', 'username': 'TOOSHARP\\Lenovo', 'cpu_percent': 0.0, 'memory_percent': 0.5850579768210266}
-------------------------------------------------------
-------------------------------------------------------
{'status': 'running', 'pid': 16772, 'name': 'svchost.exe', 'username': None, 'cpu_percent': 0.0, 'memory_percent': 0.10173004753932795}
-------------------------------------------------------
-------------------------------------------------------
{'status': 'running', 'pid': 16820, 'name': 'WUDFHost.exe', 'username': None, 'cpu_percent': 0.0, 'memory_percent': 0.09854639174247848}
-------------------------------------------------------
-------------------------------------------------------
{'status': 'running', 'pid': 16880, 'name': 'SearchProtocolHost.exe', 'username': None, 'cpu_percent': 0.0, 'memory_percent': 0.21604778030619912}
-------------------------------------------------------
-------------------------------------------------------
{'status': 'running', 'pid': 16916, 'name': 'msedgewebview2.exe', 'username': 'TOOSHARP\\Lenovo', 'cpu_percent': 0.0, 'memory_percent': 0.26091283738180066}
-------------------------------------------------------
-------------------------------------------------------
{'status': 'running', 'pid': 16972, 'name': 'svchost.exe', 'username': 'TOOSHARP\\Lenovo', 'cpu_percent': 0.0, 'memory_percent': 0.491948289593168}
-------------------------------------------------------
-------------------------------------------------------
{'status': 'running', 'pid': 17004, 'name': 'msedgewebview2.exe', 'username': 'TOOSHARP\\Lenovo', 'cpu_percent': 0.0, 'memory_percent': 0.15643994792518703}
-------------------------------------------------------
-------------------------------------------------------
{'status': 'running', 'pid': 17188, 'name': 'SearchHost.exe', 'username': 'TOOSHARP\\Lenovo', 'cpu_percent': 0.0, 'memory_percent': 1.4511592915239326}
-------------------------------------------------------
-------------------------------------------------------
{'status': 'running', 'pid': 17296, 'name': 'Code.exe', 'username': 'TOOSHARP\\Lenovo', 'cpu_percent': 0.0, 'memory_percent': 0.9238479329257601}
-------------------------------------------------------
-------------------------------------------------------
{'status': 'running', 'pid': 17368, 'name': 'CrossDeviceService.exe', 'username': 'TOOSHARP\\Lenovo', 'cpu_percent': 0.0, 'memory_percent': 1.2732664014599755}
-------------------------------------------------------
-------------------------------------------------------
{'status': 'running', 'pid': 17476, 'name': 'msedgewebview2.exe', 'username': 'TOOSHARP\\Lenovo', 'cpu_percent': 0.0, 'memory_percent': 0.024930473855328802}
-------------------------------------------------------
-------------------------------------------------------
{'status': 'running', 'pid': 17480, 'name': 'msedgewebview2.exe', 'username': 'TOOSHARP\\Lenovo', 'cpu_percent': 0.0, 'memory_percent': 0.15208078844950085}
-------------------------------------------------------
-------------------------------------------------------
{'status': 'running', 'pid': 17560, 'name': 'svchost.exe', 'username': None, 'cpu_percent': 0.0, 'memory_percent': 0.10897898689215439}
-------------------------------------------------------
-------------------------------------------------------
{'status': 'running', 'pid': 17716, 'name': 'svchost.exe', 'username': None, 'cpu_percent': 0.0, 'memory_percent': 0.119754437281491}
-------------------------------------------------------
-------------------------------------------------------
{'status': 'running', 'pid': 18064, 'name': 'jusched.exe', 'username': 'TOOSHARP\\Lenovo', 'cpu_percent': 0.0, 'memory_percent': 0.11167284948948855}
-------------------------------------------------------
-------------------------------------------------------
{'status': 'running', 'pid': 18200, 'name': 'RuntimeBroker.exe', 'username': 'TOOSHARP\\Lenovo', 'cpu_percent': 0.0, 'memory_percent': 0.6075394846787789}
-------------------------------------------------------
-------------------------------------------------------
{'status': 'running', 'pid': 18280, 'name': 'winlogon.exe', 'username': None, 'cpu_percent': 0.0, 'memory_percent': 0.2921126641909253}
-------------------------------------------------------
-------------------------------------------------------
{'status': 'running', 'pid': 18428, 'name': 'msedgewebview2.exe', 'username': 'TOOSHARP\\Lenovo', 'cpu_percent': 0.0, 'memory_percent': 0.6022986974439652}
-------------------------------------------------------
-------------------------------------------------------
{'status': 'running', 'pid': 18628, 'name': 'unsecapp.exe', 'username': 'TOOSHARP\\Lenovo', 'cpu_percent': 0.0, 'memory_percent': 0.12406461743722566}
-------------------------------------------------------
-------------------------------------------------------
{'status': 'running', 'pid': 18884, 'name': 'msedgewebview2.exe', 'username': 'TOOSHARP\\Lenovo', 'cpu_percent': 0.0, 'memory_percent': 0.14811346353342691}
-------------------------------------------------------
-------------------------------------------------------
{'status': 'running', 'pid': 18912, 'name': 'svchost.exe', 'username': 'TOOSHARP\\Lenovo', 'cpu_percent': 0.0, 'memory_percent': 0.13327272958811331}
-------------------------------------------------------
-------------------------------------------------------
{'status': 'running', 'pid': 19128, 'name': 'OpenConsole.exe', 'username': 'TOOSHARP\\Lenovo', 'cpu_percent': 0.0, 'memory_percent': 0.13410537802728933}
-------------------------------------------------------
-------------------------------------------------------
{'status': 'running', 'pid': 19204, 'name': 'conhost.exe', 'username': 'TOOSHARP\\Lenovo', 'cpu_percent': 0.0, 'memory_percent': 0.08311790595774651}
-------------------------------------------------------
-------------------------------------------------------
{'status': 'running', 'pid': 19416, 'name': 'backgroundTaskHost.exe', 'username': 'TOOSHARP\\Lenovo', 'cpu_percent': 0.0, 'memory_percent': 0.0589711012216422}
-------------------------------------------------------
-------------------------------------------------------
{'status': 'running', 'pid': 19592, 'name': 'FxSound.exe', 'username': 'TOOSHARP\\Lenovo', 'cpu_percent': 0.0, 'memory_percent': 0.29074124323228245}
-------------------------------------------------------
-------------------------------------------------------
{'status': 'running', 'pid': 19676, 'name': 'csrss.exe', 'username': None, 'cpu_percent': 0.0, 'memory_percent': 0.10128923365976417}
-------------------------------------------------------
-------------------------------------------------------
{'status': 'running', 'pid': 19724, 'name': 'WhatsApp.Root.exe', 'username': 'TOOSHARP\\Lenovo', 'cpu_percent': 0.0, 'memory_percent': 2.5976672129493483}
-------------------------------------------------------
-------------------------------------------------------
{'status': 'running', 'pid': 19868, 'name': 'chrome.exe', 'username': 'TOOSHARP\\Lenovo', 'cpu_percent': 0.0, 'memory_percent': 0.588878363777246}
-------------------------------------------------------
-------------------------------------------------------
{'status': 'running', 'pid': 20080, 'name': 'svchost.exe', 'username': 'TOOSHARP\\Lenovo', 'cpu_percent': 0.0, 'memory_percent': 0.47896876980601255}
-------------------------------------------------------
-------------------------------------------------------
{'status': 'running', 'pid': 20152, 'name': 'msedgewebview2.exe', 'username': 'TOOSHARP\\Lenovo', 'cpu_percent': 0.0, 'memory_percent': 0.6185598316678732}
-------------------------------------------------------
-------------------------------------------------------
{'status': 'running', 'pid': 20416, 'name': 'svchost.exe', 'username': None, 'cpu_percent': 0.0, 'memory_percent': 0.1611419626405339}
-------------------------------------------------------
-------------------------------------------------------
{'status': 'running', 'pid': 20572, 'name': 'svchost.exe', 'username': 'TOOSHARP\\Lenovo', 'cpu_percent': 0.0, 'memory_percent': 0.19591727980612025}
-------------------------------------------------------
-------------------------------------------------------
{'status': 'running', 'pid': 20756, 'name': 'msedgewebview2.exe', 'username': 'TOOSHARP\\Lenovo', 'cpu_percent': 0.0, 'memory_percent': 0.2091906755129849}
-------------------------------------------------------
-------------------------------------------------------
{'status': 'running', 'pid': 20824, 'name': 'SecurityHealthSystray.exe', 'username': 'TOOSHARP\\Lenovo', 'cpu_percent': 0.0, 'memory_percent': 0.15991747964174566}
-------------------------------------------------------
-------------------------------------------------------
{'status': 'running', 'pid': 20868, 'name': 'fontdrvhost.exe', 'username': None, 'cpu_percent': 0.0, 'memory_percent': 0.08253015411832816}
-------------------------------------------------------
-------------------------------------------------------
{'status': 'running', 'pid': 21260, 'name': 'PhoneExperienceHost.exe', 'username': 'TOOSHARP\\Lenovo', 'cpu_percent': 0.0, 'memory_percent': 1.0759777006952125}
-------------------------------------------------------
-------------------------------------------------------
{'status': 'running', 'pid': 21352, 'name': 'FnHotkeyCapsLKNumLK.exe', 'username': 'TOOSHARP\\Lenovo', 'cpu_percent': 0.0, 'memory_percent': 0.20096214976112786}
-------------------------------------------------------
************************************************************
----- Marvellous Platform Survillence System-----

************************************************************
Invalid number of arguments.
Unable to proceed as argument are not watching.
Please use --h or --u flag for getting more datails.
************************************************************
-----Thank you for using our Automation System-----
************************************************************
